-- Automatically generated by SQLQueryTestSuite
-- !query
DROP TABLE IF EXISTS geodata
-- !query schema
struct<>
-- !query output



-- !query
CREATE TABLE geodata(wkb BINARY) USING parquet
-- !query schema
struct<>
-- !query output



-- !query
INSERT INTO geodata VALUES
(NULL),
(X'0101000000000000000000F03F0000000000000040')
-- !query schema
struct<>
-- !query output



-- !query
SELECT CAST(ST_GeogFromWKB(X'0101000000000000000000f03f0000000000000040') AS STRING) AS result
-- !query schema
struct<>
-- !query output
org.apache.spark.sql.catalyst.ExtendedAnalysisException
{
  "errorClass" : "DATATYPE_MISMATCH.CAST_WITHOUT_SUGGESTION",
  "sqlState" : "42K09",
  "messageParameters" : {
    "sqlExpr" : "\"CAST(st_geogfromwkb(X'0101000000000000000000F03F0000000000000040') AS STRING)\"",
    "srcType" : "\"GEOGRAPHY(4326)\"",
    "targetType" : "\"STRING\""
  },
  "queryContext" : [ {
    "objectType" : "",
    "objectName" : "",
    "startIndex" : 8,
    "stopIndex" : 84,
    "fragment" : "CAST(ST_GeogFromWKB(X'0101000000000000000000f03f0000000000000040') AS STRING)"
  } ]
}


-- !query
SELECT CAST(X'0101000000000000000000f03f0000000000000040' AS GEOMETRY(4326)) AS result
-- !query schema
struct<>
-- !query output
org.apache.spark.sql.catalyst.ExtendedAnalysisException
{
  "errorClass" : "DATATYPE_MISMATCH.CAST_WITHOUT_SUGGESTION",
  "sqlState" : "42K09",
  "messageParameters" : {
    "sqlExpr" : "\"CAST(X'0101000000000000000000F03F0000000000000040' AS GEOMETRY(4326))\"",
    "srcType" : "\"BINARY\"",
    "targetType" : "\"GEOMETRY(4326)\""
  },
  "queryContext" : [ {
    "objectType" : "",
    "objectName" : "",
    "startIndex" : 8,
    "stopIndex" : 76,
    "fragment" : "CAST(X'0101000000000000000000f03f0000000000000040' AS GEOMETRY(4326))"
  } ]
}


-- !query
SELECT hex(ST_AsBinary(ST_GeogFromWKB(X'0101000000000000000000f03f0000000000000040'))) AS result
-- !query schema
struct<result:string>
-- !query output
0101000000000000000000F03F0000000000000040


-- !query
SELECT hex(ST_AsBinary(ST_GeomFromWKB(X'0101000000000000000000f03f0000000000000040'))) AS result
-- !query schema
struct<result:string>
-- !query output
0101000000000000000000F03F0000000000000040


-- !query
SELECT ST_Srid(NULL)
-- !query schema
struct<st_srid(NULL):int>
-- !query output
NULL


-- !query
SELECT ST_Srid(ST_GeogFromWKB(X'0101000000000000000000F03F0000000000000040'))
-- !query schema
struct<st_srid(st_geogfromwkb(X'0101000000000000000000F03F0000000000000040')):int>
-- !query output
4326


-- !query
SELECT ST_Srid(ST_GeomFromWKB(X'0101000000000000000000F03F0000000000000040'))
-- !query schema
struct<st_srid(st_geomfromwkb(X'0101000000000000000000F03F0000000000000040')):int>
-- !query output
0


-- !query
SELECT COUNT(*) FROM geodata WHERE ST_Srid(ST_GeogFromWKB(wkb)) <> 4326
-- !query schema
struct<count(1):bigint>
-- !query output
0


-- !query
SELECT COUNT(*) FROM geodata WHERE ST_Srid(ST_GeomFromWKB(wkb)) <> 0
-- !query schema
struct<count(1):bigint>
-- !query output
0


-- !query
DROP TABLE geodata
-- !query schema
struct<>
-- !query output

