-- Automatically generated by SQLQueryTestSuite
-- !query
DROP TABLE IF EXISTS geodata
-- !query analysis
DropTable true, false
+- ResolvedIdentifier V2SessionCatalog(spark_catalog), default.geodata


-- !query
CREATE TABLE geodata(wkb BINARY) USING parquet
-- !query analysis
CreateDataSourceTableCommand `spark_catalog`.`default`.`geodata`, false


-- !query
INSERT INTO geodata VALUES
(NULL),
(X'0101000000000000000000F03F0000000000000040')
-- !query analysis
InsertIntoHadoopFsRelationCommand file:[not included in comparison]/{warehouse_dir}/geodata, false, Parquet, [path=file:[not included in comparison]/{warehouse_dir}/geodata], Append, `spark_catalog`.`default`.`geodata`, org.apache.spark.sql.execution.datasources.InMemoryFileIndex(file:[not included in comparison]/{warehouse_dir}/geodata), [wkb]
+- Project [col1#x AS wkb#x]
   +- LocalRelation [col1#x]


-- !query
SELECT hex(ST_AsBinary(ST_GeogFromWKB(X'0101000000000000000000f03f0000000000000040'))) AS result
-- !query analysis
Project [hex(st_asbinary(st_geogfromwkb(0x0101000000000000000000F03F0000000000000040))) AS result#x]
+- OneRowRelation


-- !query
SELECT hex(ST_AsBinary(ST_GeomFromWKB(X'0101000000000000000000f03f0000000000000040'))) AS result
-- !query analysis
Project [hex(st_asbinary(st_geomfromwkb(0x0101000000000000000000F03F0000000000000040))) AS result#x]
+- OneRowRelation


-- !query
SELECT ST_Srid(NULL)
-- !query analysis
Project [st_srid(cast(null as geography(any))) AS st_srid(NULL)#x]
+- OneRowRelation


-- !query
SELECT ST_Srid(ST_GeogFromWKB(X'0101000000000000000000F03F0000000000000040'))
-- !query analysis
Project [st_srid(st_geogfromwkb(0x0101000000000000000000F03F0000000000000040)) AS st_srid(st_geogfromwkb(X'0101000000000000000000F03F0000000000000040'))#x]
+- OneRowRelation


-- !query
SELECT ST_Srid(ST_GeomFromWKB(X'0101000000000000000000F03F0000000000000040'))
-- !query analysis
Project [st_srid(st_geomfromwkb(0x0101000000000000000000F03F0000000000000040)) AS st_srid(st_geomfromwkb(X'0101000000000000000000F03F0000000000000040'))#x]
+- OneRowRelation


-- !query
SELECT COUNT(*) FROM geodata WHERE ST_Srid(ST_GeogFromWKB(wkb)) <> 4326
-- !query analysis
Aggregate [count(1) AS count(1)#xL]
+- Filter NOT (st_srid(st_geogfromwkb(wkb#x)) = 4326)
   +- SubqueryAlias spark_catalog.default.geodata
      +- Relation spark_catalog.default.geodata[wkb#x] parquet


-- !query
SELECT COUNT(*) FROM geodata WHERE ST_Srid(ST_GeomFromWKB(wkb)) <> 0
-- !query analysis
Aggregate [count(1) AS count(1)#xL]
+- Filter NOT (st_srid(st_geomfromwkb(wkb#x)) = 0)
   +- SubqueryAlias spark_catalog.default.geodata
      +- Relation spark_catalog.default.geodata[wkb#x] parquet


-- !query
DROP TABLE geodata
-- !query analysis
DropTable false, false
+- ResolvedIdentifier V2SessionCatalog(spark_catalog), default.geodata
